\BOOKMARK [1][-]{section.1}{\376\377\000I\000n\000t\000r\000o\000d\000u\000c\000c\000i\000\363}{}% 1
\BOOKMARK [1][-]{section.2}{\376\377\000D\000e\000s\000c\000r\000i\000p\000c\000i\000\363\000\040\000G\000e\000n\000e\000r\000a\000l\000\040\000d\000e\000l\000\040\000F\000u\000n\000c\000i\000o\000n\000a\000m\000e\000n\000t}{}% 2
\BOOKMARK [1][-]{section.3}{\376\377\000I\000m\000p\000l\000e\000m\000e\000n\000t\000a\000c\000i\000\363}{}% 3
\BOOKMARK [2][-]{subsection.3.1}{\376\377\000P\000r\000e\000p\000r\000o\000c\000e\000s\000s\000a\000m\000e\000n\000t\000\040\000i\000\040\000G\000e\000n\000e\000r\000a\000c\000i\000\363\000\040\000d\000e\000\040\000C\000a\000n\000d\000i\000d\000a\000t\000s}{section.3}% 4
\BOOKMARK [3][-]{subsubsection.3.1.1}{\376\377\000F\000u\000n\000c\000i\000o\000n\000s\000\040\000I\000m\000p\000l\000e\000m\000e\000n\000t\000a\000d\000e\000s}{subsection.3.1}% 5
\BOOKMARK [3][-]{subsubsection.3.1.2}{\376\377\000D\000e\000c\000i\000s\000i\000o\000n\000s\000\040\000d\000e\000\040\000D\000i\000s\000s\000e\000n\000y}{subsection.3.1}% 6
\BOOKMARK [2][-]{subsection.3.2}{\376\377\000C\000l\000a\000s\000s\000i\000f\000i\000c\000a\000d\000o\000r\000\040\000d\000e\000\040\000M\000a\000t\000r\000\355\000c\000u\000l\000e\000s}{section.3}% 7
\BOOKMARK [3][-]{subsubsection.3.2.1}{\376\377\000F\000u\000n\000c\000i\000o\000n\000s\000\040\000I\000m\000p\000l\000e\000m\000e\000n\000t\000a\000d\000e\000s}{subsection.3.2}% 8
\BOOKMARK [3][-]{subsubsection.3.2.2}{\376\377\000D\000e\000c\000i\000s\000i\000o\000n\000s\000\040\000d\000e\000\040\000D\000i\000s\000s\000e\000n\000y}{subsection.3.2}% 9
\BOOKMARK [2][-]{subsection.3.3}{\376\377\000N\000e\000t\000e\000j\000a\000\040\000d\000e\000\040\000C\000a\000n\000d\000i\000d\000a\000t\000s\000\040\000F\000i\000n\000a\000l\000s}{section.3}% 10
\BOOKMARK [3][-]{subsubsection.3.3.1}{\376\377\000F\000u\000n\000c\000i\000o\000n\000s\000\040\000I\000m\000p\000l\000e\000m\000e\000n\000t\000a\000d\000e\000s}{subsection.3.3}% 11
\BOOKMARK [3][-]{subsubsection.3.3.2}{\376\377\000D\000e\000c\000i\000s\000i\000o\000n\000s\000\040\000d\000e\000\040\000D\000i\000s\000s\000e\000n\000y}{subsection.3.3}% 12
\BOOKMARK [2][-]{subsection.3.4}{\376\377\000A\000l\000i\000n\000e\000a\000c\000i\000\363\000\040\000d\000e\000\040\000l\000a\000\040\000M\000a\000t\000r\000\355\000c\000u\000l\000a\000\040\000C\000a\000n\000d\000i\000d\000a\000t\000a}{section.3}% 13
\BOOKMARK [3][-]{subsubsection.3.4.1}{\376\377\000F\000u\000n\000c\000i\000o\000n\000s\000\040\000I\000m\000p\000l\000e\000m\000e\000n\000t\000a\000d\000e\000s}{subsection.3.4}% 14
\BOOKMARK [3][-]{subsubsection.3.4.2}{\376\377\000D\000e\000c\000i\000s\000i\000o\000n\000s\000\040\000d\000e\000\040\000D\000i\000s\000s\000e\000n\000y}{subsection.3.4}% 15
\BOOKMARK [2][-]{subsection.3.5}{\376\377\000S\000e\000g\000m\000e\000n\000t\000a\000c\000i\000\363\000\040\000d\000e\000\040\000C\000a\000r\000\340\000c\000t\000e\000r\000s}{section.3}% 16
\BOOKMARK [3][-]{subsubsection.3.5.1}{\376\377\000F\000u\000n\000c\000i\000o\000n\000s\000\040\000I\000m\000p\000l\000e\000m\000e\000n\000t\000a\000d\000e\000s}{subsection.3.5}% 17
\BOOKMARK [3][-]{subsubsection.3.5.2}{\376\377\000D\000e\000c\000i\000s\000i\000o\000n\000s\000\040\000d\000e\000\040\000D\000i\000s\000s\000e\000n\000y}{subsection.3.5}% 18
\BOOKMARK [2][-]{subsection.3.6}{\376\377\000O\000C\000R}{section.3}% 19
\BOOKMARK [3][-]{subsubsection.3.6.1}{\376\377\000F\000u\000n\000c\000i\000o\000n\000s\000\040\000I\000m\000p\000l\000e\000m\000e\000n\000t\000a\000d\000e\000s}{subsection.3.6}% 20
\BOOKMARK [3][-]{subsubsection.3.6.2}{\376\377\000D\000e\000c\000i\000s\000i\000o\000n\000s\000\040\000d\000e\000\040\000D\000i\000s\000s\000e\000n\000y}{subsection.3.6}% 21
\BOOKMARK [2][-]{subsection.3.7}{\376\377\000R\000e\000s\000u\000m\000\040\000d\000e\000l\000\040\000F\000l\000u\000x\000\040\000i\000\040\000g\000e\000n\000e\000r\000a\000c\000i\000\363\000\040\000d\000'\000o\000u\000t\000p\000u\000t}{section.3}% 22
\BOOKMARK [3][-]{subsubsection.3.7.1}{\376\377\000P\000a\000r\000\340\000m\000e\000t\000r\000e\000s\000\040\000d\000e\000\040\000c\000o\000n\000t\000r\000o\000l}{subsection.3.7}% 23
\BOOKMARK [3][-]{subsubsection.3.7.2}{\376\377\000P\000i\000p\000e\000l\000i\000n\000e}{subsection.3.7}% 24
\BOOKMARK [1][-]{section.4}{\376\377\000R\000e\000s\000u\000l\000t\000a\000t\000s\000\040\000F\000i\000n\000a\000l\000s}{}% 25
\BOOKMARK [2][-]{subsection.4.1}{\376\377\000E\000x\000t\000r\000a\000c\000t\000e\000s\000\040\000d\000e\000\040\000l\000a\000\040\000s\000o\000r\000t\000i\000d\000a}{section.4}% 26
\BOOKMARK [3][-]{subsubsection.4.1.1}{\376\377\000A\000n\000\340\000l\000i\000s\000i\000\040\000d\000e\000\040\000C\000o\000n\000f\000u\000s\000i\000o\000n\000s\000\040\000T\000i\000p\000o\000g\000r\000\340\000f\000i\000q\000u\000e\000s}{subsection.4.1}% 27
\BOOKMARK [2][-]{subsection.4.2}{\376\377\000E\000x\000e\000m\000p\000l\000e\000s\000\040\000d\000'\000E\000x\000e\000c\000u\000c\000i\000\363}{section.4}% 28
\BOOKMARK [2][-]{subsection.4.3}{\376\377\000C\000o\000n\000c\000l\000u\000s\000i\000\363}{section.4}% 29
\BOOKMARK [1][-]{section.5}{\376\377\000A\000n\000n\000e\000x\000o\000s}{}% 30
\BOOKMARK [2][-]{subsection.5.1}{\376\377\000C\000o\000d\000i\000\040\000F\000o\000n\000t}{section.5}% 31
\BOOKMARK [3][-]{subsubsection.5.1.1}{\376\377\000m\000a\000i\000n}{subsection.5.1}% 32
\BOOKMARK [3][-]{subsubsection.5.1.2}{\376\377\000c\000a\000n\000d\000i\000d\000a\000t\000e\000s\000\137\000d\000e\000t\000e\000c\000t\000i\000o\000n}{subsection.5.1}% 33
\BOOKMARK [3][-]{subsubsection.5.1.3}{\376\377\000p\000l\000a\000t\000e\000\137\000c\000l\000a\000s\000s\000i\000f\000i\000e\000r}{subsection.5.1}% 34
\BOOKMARK [3][-]{subsubsection.5.1.4}{\376\377\000c\000h\000a\000r\000a\000c\000t\000e\000r\000\137\000s\000e\000g\000m\000e\000n\000t\000a\000t\000i\000o\000n}{subsection.5.1}% 35
\BOOKMARK [3][-]{subsubsection.5.1.5}{\376\377\000d\000a\000t\000a\000s\000e\000t\000\137\000g\000e\000n\000e\000r\000a\000t\000i\000o\000n}{subsection.5.1}% 36
\BOOKMARK [3][-]{subsubsection.5.1.6}{\376\377\000o\000c\000r\000\137\000c\000l\000a\000s\000s\000i\000f\000i\000e\000r}{subsection.5.1}% 37
